Microchip MPLAB XC8 Compiler V1.41 ()

Linker command line:

-W-3 --edf=C:\Program Files (x86)\Microchip\xc8\v1.41\dat\en_msgs.txt -cs \
  -h+dist/default/production\sleep_mode.X.production.sym \
  --cmf=dist/default/production\sleep_mode.X.production.cmf -z -Q18F4520 \
  -oC:\Users\DEVILB~1\AppData\Local\Temp\s8v4.2 \
  -Mdist/default/production/sleep_mode.X.production.map -E1 -ver=XC8 \
  -ASTACK=0200h-05ffh -pstack=STACK -ACODE=00h-07FFFh -ACONST=00h-07FFFh \
  -ASMALLCONST=0600h-06FFhx122 -AMEDIUMCONST=0600h-07FFFh -ACOMRAM=01h-07Fh \
  -AABS1=00h-05FFh -ABIGRAM=01h-05FFh -ARAM=080h-0FFh,0100h-01FFhx5 \
  -ABANK0=080h-0FFh -ABANK1=0100h-01FFh -ABANK2=0200h-02FFh \
  -ABANK3=0300h-03FFh -ABANK4=0400h-04FFh -ABANK5=0500h-05FFh \
  -ASFR=0F80h-0FFFh -preset_vec=00h,intcode=08h,intcodelo=018h,powerup,init \
  -pramtop=0600h -psmallconst=SMALLCONST -pmediumconst=MEDIUMCONST \
  -pconst=CONST -AFARRAM=00h-00h -ACONFIG=0300000h-030000Dh -pconfig=CONFIG \
  -AIDLOC=0200000h-0200007h -pidloc=IDLOC -AEEDATA=0F00000h-0F000FFh \
  -peeprom_data=EEDATA \
  -prdata=COMRAM,nvrram=COMRAM,nvbit=COMRAM,rbss=COMRAM,rbit=COMRAM \
  -pfarbss=FARRAM,fardata=FARRAM,nvFARRAM=FARRAM \
  -pintsave_regs=BIGRAM,bigbss=BIGRAM,bigdata=BIGRAM -pbss=RAM \
  -pidata=CODE,irdata=CODE,ibigdata=CODE,ifardata=CODE -prparam=COMRAM \
  C:\Users\DEVILB~1\AppData\Local\Temp\s8v4.obj \
  dist/default/production\sleep_mode.X.production.obj 

Object code version is 3.11

Machine type is 18F4520

Call graph: (short form)




                Name                               Link     Load   Length Selector   Space Scale
C:\Users\DEVILB~1\AppData\Local\Temp\s8v4.obj
                init                                 AE       AE        4        C       0
                reset_vec                             0        0        4        0       0
                idloc                            200000   200000        8   200000       0
                config                           300000   300000        E   300000       0
dist/default/production\sleep_mode.X.production.obj
                intcodelo                            18       18       96        C       0
                intcode                               8        8        6        4       0
                temp                                 3F       3F        1        1       1
                smallconst                          600      600       32      300       0
                intcode_body                        858      858       7E      319       0
                text7                               96A      96A       42      319       0
                text6                               8D6      8D6       52      319       0
                text5                               928      928       42      319       0
                text4                               632      632      148      319       0
                text3                               9E2      9E2       36      319       0
                text2                               A3E      A3E       10      319       0
                text1                               9AC      9AC       36      319       0
                text0                               77A      77A       DE      319       0
                cstackCOMRAM                          1        1       3C        1       1
                bssBANK1                            100      100      100      100       1
                bssCOMRAM                            3D       3D        2        1       1
                cinit                               A18      A18       26      319       0

TOTAL           Name                               Link     Load   Length     Space
        CLASS   STACK          

        CLASS   CODE           
                intcodelo                            18       18       96         0
                intcode                               8        8        6         0
                init                                 AE       AE        4         0
                reset_vec                             0        0        4         0
                intcode_body                        858      858       7E         0
                text7                               96A      96A       42         0
                text6                               8D6      8D6       52         0
                text5                               928      928       42         0
                text4                               632      632      148         0
                text3                               9E2      9E2       36         0
                text2                               A3E      A3E       10         0
                text1                               9AC      9AC       36         0
                text0                               77A      77A       DE         0
                cinit                               A18      A18       26         0

        CLASS   CONST          

        CLASS   SMALLCONST     
                smallconst                          600      600       32         0

        CLASS   MEDIUMCONST    

        CLASS   COMRAM         
                temp                                 3F       3F        1         1
                cstackCOMRAM                          1        1       3C         1
                bssCOMRAM                            3D       3D        2         1

        CLASS   ABS1           

        CLASS   BIGRAM         

        CLASS   RAM            

        CLASS   BANK0          

        CLASS   BANK1          
                bssBANK1                            100      100      100         1

        CLASS   BANK2          

        CLASS   BANK3          

        CLASS   BANK4          

        CLASS   BANK5          

        CLASS   SFR            

        CLASS   FARRAM         

        CLASS   CONFIG         
                config                           300000   300000        E         0

        CLASS   IDLOC          
                idloc                            200000   200000        8         0

        CLASS   EEDATA         



SEGMENTS        Name                           Load    Length   Top    Selector   Space  Class

                reset_vec                      000000  000004  000004         0       0  CODE    
                cstackCOMRAM                   000001  00003F  000040         1       1  COMRAM  
                intcode                        000008  000006  00000E         4       0  CODE    
                intcodelo                      000018  00009A  0000B2         C       0  CODE    
                bssBANK1                       000100  000100  000200       100       1  BANK1   
                smallconst                     000600  000032  000632       300       0  SMALLCON
                text4                          000632  00041C  000A4E       319       0  CODE    
                idloc                          200000  000008  200008    200000       0  IDLOC   
                config                         300000  00000E  30000E    300000       0  CONFIG  


UNUSED ADDRESS RANGES

        Name                Unused          Largest block    Delta
        BANK0            000080-0000FF               80
        BANK2            000200-0002FF              100
        BANK3            000300-0003FF              100
        BANK4            000400-0004FF              100
        BANK5            000500-0005FF              100
        BIGRAM           000040-0000FF               C0
                         000200-0005FF              400
        CODE             000004-000007                4
                         00000E-000017                A
                         0000B2-0005FF              54E
                         000A4E-007FFF             75B2
        COMRAM           000040-00007F               40
        CONST            000004-000007                4
                         00000E-000017                A
                         0000B2-0005FF              54E
                         000A4E-007FFF             75B2
        EEDATA           F00000-F000FF              100
        MEDIUMCONST      000A4E-007FFF             75B2
        RAM              000080-0000FF               80
                         000200-0005FF              100
        SFR              000F80-000FFF               80
        SMALLCONST       000A4E-007FFF              100
        STACK            000200-0005FF              400

                                  Symbol Table

?___lwdiv                  cstackCOMRAM 000020
?___lwmod                  cstackCOMRAM 000027
?_sprintf                  cstackCOMRAM 00002C
_BAUDCONbits               (abs)        000FB8
_CCP2CONbits               (abs)        000FBA
_INTCONbits                (abs)        000FF2
_IPR1bits                  (abs)        000F9F
_IPR2bits                  (abs)        000FA2
_LATB                      (abs)        000F8A
_OSCCONbits                (abs)        000FD3
_PIE1bits                  (abs)        000F9D
_PIE2bits                  (abs)        000FA0
_PIR2bits                  (abs)        000FA1
_RCONbits                  (abs)        000FD0
_RCREG                     (abs)        000FAE
_RCSTAbits                 (abs)        000FAB
_SPBRG                     (abs)        000FAF
_SPBRGH                    (abs)        000FB0
_T3CONbits                 (abs)        000FB1
_TRISB                     (abs)        000F93
_TRISCbits                 (abs)        000F94
_TXREG                     (abs)        000FAD
_TXSTAbits                 (abs)        000FAC
__CFG_BOREN$OFF            (abs)        000000
__CFG_BORV$3               (abs)        000000
__CFG_CCP2MX$PORTC         (abs)        000000
__CFG_CP0$OFF              (abs)        000000
__CFG_CP1$OFF              (abs)        000000
__CFG_CP2$OFF              (abs)        000000
__CFG_CP3$OFF              (abs)        000000
__CFG_CPB$OFF              (abs)        000000
__CFG_CPD$OFF              (abs)        000000
__CFG_EBTR0$OFF            (abs)        000000
__CFG_EBTR1$OFF            (abs)        000000
__CFG_EBTR2$OFF            (abs)        000000
__CFG_EBTR3$OFF            (abs)        000000
__CFG_EBTRB$OFF            (abs)        000000
__CFG_FCMEN$OFF            (abs)        000000
__CFG_IESO$OFF             (abs)        000000
__CFG_LPT1OSC$OFF          (abs)        000000
__CFG_LVP$OFF              (abs)        000000
__CFG_MCLRE$ON             (abs)        000000
__CFG_OSC$INTIO67          (abs)        000000
__CFG_PBADEN$OFF           (abs)        000000
__CFG_PWRT$OFF             (abs)        000000
__CFG_STVREN$ON            (abs)        000000
__CFG_WDT$OFF              (abs)        000000
__CFG_WDTPS$32768          (abs)        000000
__CFG_WRT0$OFF             (abs)        000000
__CFG_WRT1$OFF             (abs)        000000
__CFG_WRT2$OFF             (abs)        000000
__CFG_WRT3$OFF             (abs)        000000
__CFG_WRTB$OFF             (abs)        000000
__CFG_WRTC$OFF             (abs)        000000
__CFG_WRTD$OFF             (abs)        000000
__CFG_XINST$OFF            (abs)        000000
__HRAM                     (abs)        000000
__Habs1                    abs1         000000
__Hbank0                   bank0        000000
__Hbank1                   bank1        000000
__Hbank2                   bank2        000000
__Hbank3                   bank3        000000
__Hbank4                   bank4        000000
__Hbank5                   bank5        000000
__Hbigbss                  bigbss       000000
__Hbigdata                 bigdata      000000
__Hbigram                  bigram       000000
__Hbss                     bss          000000
__HbssBANK1                bssBANK1     000000
__HbssCOMRAM               bssCOMRAM    000000
__Hcinit                   cinit        000000
__Hclrtext                 clrtext      000000
__Hcomram                  comram       000000
__Hconfig                  config       30000E
__Hconst                   const        000000
__HcstackCOMRAM            cstackCOMRAM 000000
__Hdata                    data         000000
__Heeprom_data             eeprom_data  000000
__Hfarbss                  farbss       000000
__Hfardata                 fardata      000000
__Hibigdata                ibigdata     000000
__Hidata                   idata        000000
__Hidloc                   idloc        200008
__Hifardata                ifardata     000000
__Hinit                    init         0000B2
__Hintcode                 intcode      00000E
__Hintcode_body            intcode_body 000000
__Hintcodelo               intcodelo    0000AE
__Hintentry                intentry     000000
__Hintret                  intret       000000
__Hintsave_regs            intsave_regs 000000
__Hirdata                  irdata       000000
__Hmediumconst             mediumconst  000000
__HnvFARRAM                nvFARRAM     000000
__Hnvbit                   nvbit        000000
__Hnvrram                  nvrram       000000
__Hparam                   rparam       000000
__Hpowerup                 powerup      0000AE
__Hram                     ram          000000
__Hramtop                  ramtop       000600
__Hrbit                    rbit         000000
__Hrbss                    rbss         000000
__Hrdata                   rdata        000000
__Hreset_vec               reset_vec    000004
__Hrparam                  rparam       000000
__Hsfr                     sfr          000000
__Hsmallconst              smallconst   000632
__Hspace_0                 (abs)        30000E
__Hspace_1                 (abs)        000200
__Hspace_2                 (abs)        000000
__Hstack                   stack        000000
__Hstruct                  struct       000000
__Htemp                    temp         000040
__Htext                    text         000000
__Htext0                   text0        000000
__Htext1                   text1        000000
__Htext2                   text2        000000
__Htext3                   text3        000000
__Htext4                   text4        000000
__Htext5                   text5        000000
__Htext6                   text6        000000
__Htext7                   text7        000000
__LRAM                     (abs)        000001
__Labs1                    abs1         000000
__Lbank0                   bank0        000000
__Lbank1                   bank1        000000
__Lbank2                   bank2        000000
__Lbank3                   bank3        000000
__Lbank4                   bank4        000000
__Lbank5                   bank5        000000
__Lbigbss                  bigbss       000000
__Lbigdata                 bigdata      000000
__Lbigram                  bigram       000000
__Lbss                     bss          000000
__LbssBANK1                bssBANK1     000000
__LbssCOMRAM               bssCOMRAM    000000
__Lcinit                   cinit        000000
__Lclrtext                 clrtext      000000
__Lcomram                  comram       000000
__Lconfig                  config       300000
__Lconst                   const        000000
__LcstackCOMRAM            cstackCOMRAM 000000
__Ldata                    data         000000
__Leeprom_data             eeprom_data  000000
__Lfarbss                  farbss       000000
__Lfardata                 fardata      000000
__Libigdata                ibigdata     000000
__Lidata                   idata        000000
__Lidloc                   idloc        200000
__Lifardata                ifardata     000000
__Linit                    init         0000AE
__Lintcode                 intcode      000008
__Lintcode_body            intcode_body 000000
__Lintcodelo               intcodelo    000018
__Lintentry                intentry     000000
__Lintret                  intret       000000
__Lintsave_regs            intsave_regs 000000
__Lirdata                  irdata       000000
__Lmediumconst             mediumconst  000000
__LnvFARRAM                nvFARRAM     000000
__Lnvbit                   nvbit        000000
__Lnvrram                  nvrram       000000
__Lparam                   rparam       000000
__Lpowerup                 powerup      0000AE
__Lram                     ram          000000
__Lramtop                  ramtop       000600
__Lrbit                    rbit         000000
__Lrbss                    rbss         000000
__Lrdata                   rdata        000000
__Lreset_vec               reset_vec    000000
__Lrparam                  rparam       000000
__Lsfr                     sfr          000000
__Lsmallconst              smallconst   000600
__Lspace_0                 (abs)        000000
__Lspace_1                 (abs)        000000
__Lspace_2                 (abs)        000000
__Lstack                   stack        000000
__Lstruct                  struct       000000
__Ltemp                    temp         00003F
__Ltext                    text         000000
__Ltext0                   text0        000000
__Ltext1                   text1        000000
__Ltext2                   text2        000000
__Ltext3                   text3        000000
__Ltext4                   text4        000000
__Ltext5                   text5        000000
__Ltext6                   text6        000000
__Ltext7                   text7        000000
__S0                       (abs)        30000E
__S1                       (abs)        000200
__S2                       (abs)        000000
___inthi_sp                stack        000000
___intlo_sp                stack        000000
___lwdiv                   text6        0008D6
___lwdiv@counter           cstackCOMRAM 000026
___lwdiv@dividend          cstackCOMRAM 000020
___lwdiv@divisor           cstackCOMRAM 000022
___lwdiv@quotient          cstackCOMRAM 000024
___lwmod                   text5        000928
___lwmod@counter           cstackCOMRAM 00002B
___lwmod@dividend          cstackCOMRAM 000027
___lwmod@divisor           cstackCOMRAM 000029
___param_bank              (abs)        000000
___rparam_used             (abs)        000001
___sp                      stack        000000
__accesstop                (abs)        000080
__activetblptr             (abs)        000002
__end_of___lwdiv           text6        000928
__end_of___lwmod           text5        00096A
__end_of__initialization   cinit        000A30
__end_of_dpowers           smallconst   00060B
__end_of_high_isr          intcode_body 0008D6
__end_of_low_isr           intcodelo    0000AE
__end_of_main              text0        000858
__end_of_running_leds      text7        0009AC
__end_of_sprintf           text4        00077A
__end_of_uart_init         text3        000A18
__end_of_uart_send         text2        000A4E
__end_of_uart_send_string  text1        0009E2
__initialization           cinit        000A18
__mediumconst              mediumconst  000000
__pbssBANK1                bssBANK1     000100
__pbssCOMRAM               bssCOMRAM    00003D
__pcinit                   cinit        000A18
__pcstackCOMRAM            cstackCOMRAM 000001
__pintcode                 intcode      000008
__pintcode_body            intcode_body 000858
__pintcodelo               intcodelo    000018
__psmallconst              smallconst   000600
__ptext0                   text0        00077A
__ptext1                   text1        0009AC
__ptext2                   text2        000A3E
__ptext3                   text3        0009E2
__ptext4                   text4        000632
__ptext5                   text5        000928
__ptext6                   text6        0008D6
__ptext7                   text7        00096A
__ramtop                   ramtop       000600
__size_of___lwdiv          (abs)        000000
__size_of___lwmod          (abs)        000000
__size_of_high_isr         (abs)        000000
__size_of_low_isr          (abs)        000000
__size_of_main             (abs)        000000
__size_of_running_leds     (abs)        000000
__size_of_sprintf          (abs)        000000
__size_of_uart_init        (abs)        000000
__size_of_uart_send        (abs)        000000
__size_of_uart_send_string (abs)        000000
__smallconst               smallconst   000600
_dpowers                   smallconst   000601
_global                    bssCOMRAM    00003D
_high_isr                  intcode      000008
_low_isr                   intcodelo    000018
_main                      text0        00077A
_print_buffer              bssBANK1     000100
_running_leds              text7        00096A
_sprintf                   text4        000632
_uart_init                 text3        0009E2
_uart_send                 text2        000A3E
_uart_send_string          text1        0009AC
btemp                      temp         00003F
end_of_initialization      cinit        000A30
int$flags                  temp         00003F
int_func                   intcode_body 000858
intlevel0                  text         000000
intlevel1                  text         000000
intlevel2                  text         000000
intlevel3                  text         000000
main@sleep_time            cstackCOMRAM 00003C
running_leds@i             cstackCOMRAM 000022
running_leds@run           cstackCOMRAM 000023
sprintf@ap                 cstackCOMRAM 000033
sprintf@c                  cstackCOMRAM 000039
sprintf@f                  cstackCOMRAM 00002E
sprintf@flag               cstackCOMRAM 000035
sprintf@prec               cstackCOMRAM 000036
sprintf@sp                 cstackCOMRAM 00002C
sprintf@val                cstackCOMRAM 000037
stackhi                    (abs)        0005FF
stacklo                    (abs)        000200
start                      init         0000AE
start_initialization       cinit        000A18
uart_init@brg16            cstackCOMRAM 000026
uart_init@brgh             cstackCOMRAM 000024
uart_init@gen_reg          cstackCOMRAM 000020
uart_init@sync             cstackCOMRAM 000022
uart_send@c                cstackCOMRAM 000020
uart_send_string@c         cstackCOMRAM 000021
uart_send_string@i         cstackCOMRAM 000023


FUNCTION INFORMATION:

 *************** function _main *****************
 Defined at:
		line 35 in file "main.c"
 Parameters:    Size  Location     Type
		None
 Auto vars:     Size  Location     Type
  sleep_time      1   59[COMRAM] unsigned char 
 Return value:  Size  Location     Type
                  1    wreg      void 
 Registers used:
		wreg, fsr2l, fsr2h, status,2, status,0, tblptrl, tblptrh, tblptru, prodl, prodh, cstack
 Tracked objects:
		On entry : 
		On exit  : 
		Unchanged: 
 Data sizes:     COMRAM   BANK0   BANK1   BANK2   BANK3   BANK4   BANK5
      Params:         0       0       0       0       0       0       0
      Locals:         1       0       0       0       0       0       0
      Temps:          2       0       0       0       0       0       0
      Totals:         3       0       0       0       0       0       0
Total ram usage:        3 bytes
 Hardware stack levels required when called:    4
 This function calls:
		_running_leds
		_sprintf
		_uart_init
		_uart_send_string
 This function is called by:
		Startup code after reset
 This function uses a non-reentrant model


 *************** function _uart_send_string *****************
 Defined at:
		line 50 in file "uart_layer.c"
 Parameters:    Size  Location     Type
  c               2   32[COMRAM] PTR unsigned char 
		 -> print_buffer(256), 
 Auto vars:     Size  Location     Type
  i               1   34[COMRAM] unsigned char 
 Return value:  Size  Location     Type
                  1    wreg      void 
 Registers used:
		wreg, fsr2l, fsr2h, status,2, status,0, prodl, prodh, cstack
 Tracked objects:
		On entry : 
		On exit  : 
		Unchanged: 
 Data sizes:     COMRAM   BANK0   BANK1   BANK2   BANK3   BANK4   BANK5
      Params:         2       0       0       0       0       0       0
      Locals:         1       0       0       0       0       0       0
      Temps:          0       0       0       0       0       0       0
      Totals:         3       0       0       0       0       0       0
Total ram usage:        3 bytes
 Hardware stack levels used:    1
 Hardware stack levels required when called:    3
 This function calls:
		_uart_send
 This function is called by:
		_main
 This function uses a non-reentrant model


 *************** function _uart_send *****************
 Defined at:
		line 24 in file "uart_layer.c"
 Parameters:    Size  Location     Type
  c               1    wreg     unsigned char 
 Auto vars:     Size  Location     Type
  c               1   31[COMRAM] unsigned char 
 Return value:  Size  Location     Type
                  1    wreg      void 
 Registers used:
		wreg
 Tracked objects:
		On entry : 
		On exit  : 
		Unchanged: 
 Data sizes:     COMRAM   BANK0   BANK1   BANK2   BANK3   BANK4   BANK5
      Params:         0       0       0       0       0       0       0
      Locals:         1       0       0       0       0       0       0
      Temps:          0       0       0       0       0       0       0
      Totals:         1       0       0       0       0       0       0
Total ram usage:        1 bytes
 Hardware stack levels used:    1
 Hardware stack levels required when called:    2
 This function calls:
		Nothing
 This function is called by:
		_uart_send_string
		_uart_send_array
 This function uses a non-reentrant model


 *************** function _uart_init *****************
 Defined at:
		line 4 in file "uart_layer.c"
 Parameters:    Size  Location     Type
  gen_reg         2   31[COMRAM] unsigned int 
  sync            2   33[COMRAM] unsigned int 
  brgh            2   35[COMRAM] unsigned int 
  brg16           2   37[COMRAM] unsigned int 
 Auto vars:     Size  Location     Type
		None
 Return value:  Size  Location     Type
                  1    wreg      void 
 Registers used:
		wreg, status,2
 Tracked objects:
		On entry : 
		On exit  : 
		Unchanged: 
 Data sizes:     COMRAM   BANK0   BANK1   BANK2   BANK3   BANK4   BANK5
      Params:         8       0       0       0       0       0       0
      Locals:         0       0       0       0       0       0       0
      Temps:          0       0       0       0       0       0       0
      Totals:         8       0       0       0       0       0       0
Total ram usage:        8 bytes
 Hardware stack levels used:    1
 Hardware stack levels required when called:    2
 This function calls:
		Nothing
 This function is called by:
		_main
 This function uses a non-reentrant model


 *************** function _sprintf *****************
 Defined at:
		line 492 in file "C:\Program Files (x86)\Microchip\xc8\v1.41\sources\common\doprnt.c"
 Parameters:    Size  Location     Type
  sp              2   43[COMRAM] PTR unsigned char 
		 -> print_buffer(256), 
  f               2   45[COMRAM] PTR const unsigned char 
		 -> STR_2(22), STR_1(16), 
 Auto vars:     Size  Location     Type
  tmpval          4    0        struct .
  cp              3    0        PTR const unsigned char 
  val             2   54[COMRAM] unsigned int 
  ap              2   50[COMRAM] PTR void [1]
		 -> ?_sprintf(2), 
  len             2    0        unsigned int 
  c               1   56[COMRAM] char 
  prec            1   53[COMRAM] char 
  flag            1   52[COMRAM] unsigned char 
 Return value:  Size  Location     Type
                  2   43[COMRAM] int 
 Registers used:
		wreg, fsr2l, fsr2h, status,2, status,0, tblptrl, tblptrh, tblptru, prodl, prodh, cstack
 Tracked objects:
		On entry : 
		On exit  : 
		Unchanged: 
 Data sizes:     COMRAM   BANK0   BANK1   BANK2   BANK3   BANK4   BANK5
      Params:         6       0       0       0       0       0       0
      Locals:         7       0       0       0       0       0       0
      Temps:          1       0       0       0       0       0       0
      Totals:        14       0       0       0       0       0       0
Total ram usage:       14 bytes
 Hardware stack levels used:    1
 Hardware stack levels required when called:    3
 This function calls:
		___lwdiv
		___lwmod
 This function is called by:
		_main
 This function uses a non-reentrant model


 *************** function ___lwmod *****************
 Defined at:
		line 8 in file "C:\Program Files (x86)\Microchip\xc8\v1.41\sources\common\lwmod.c"
 Parameters:    Size  Location     Type
  dividend        2   38[COMRAM] unsigned int 
  divisor         2   40[COMRAM] unsigned int 
 Auto vars:     Size  Location     Type
  counter         1   42[COMRAM] unsigned char 
 Return value:  Size  Location     Type
                  2   38[COMRAM] unsigned int 
 Registers used:
		wreg, status,2, status,0
 Tracked objects:
		On entry : 
		On exit  : 
		Unchanged: 
 Data sizes:     COMRAM   BANK0   BANK1   BANK2   BANK3   BANK4   BANK5
      Params:         4       0       0       0       0       0       0
      Locals:         1       0       0       0       0       0       0
      Temps:          0       0       0       0       0       0       0
      Totals:         5       0       0       0       0       0       0
Total ram usage:        5 bytes
 Hardware stack levels used:    1
 Hardware stack levels required when called:    2
 This function calls:
		Nothing
 This function is called by:
		_sprintf
 This function uses a non-reentrant model


 *************** function ___lwdiv *****************
 Defined at:
		line 8 in file "C:\Program Files (x86)\Microchip\xc8\v1.41\sources\common\lwdiv.c"
 Parameters:    Size  Location     Type
  dividend        2   31[COMRAM] unsigned int 
  divisor         2   33[COMRAM] unsigned int 
 Auto vars:     Size  Location     Type
  quotient        2   35[COMRAM] unsigned int 
  counter         1   37[COMRAM] unsigned char 
 Return value:  Size  Location     Type
                  2   31[COMRAM] unsigned int 
 Registers used:
		wreg, status,2, status,0
 Tracked objects:
		On entry : 
		On exit  : 
		Unchanged: 
 Data sizes:     COMRAM   BANK0   BANK1   BANK2   BANK3   BANK4   BANK5
      Params:         4       0       0       0       0       0       0
      Locals:         3       0       0       0       0       0       0
      Temps:          0       0       0       0       0       0       0
      Totals:         7       0       0       0       0       0       0
Total ram usage:        7 bytes
 Hardware stack levels used:    1
 Hardware stack levels required when called:    2
 This function calls:
		Nothing
 This function is called by:
		_sprintf
 This function uses a non-reentrant model


 *************** function _running_leds *****************
 Defined at:
		line 20 in file "main.c"
 Parameters:    Size  Location     Type
		None
 Auto vars:     Size  Location     Type
  i               1   33[COMRAM] unsigned char 
  run             1   34[COMRAM] unsigned char 
 Return value:  Size  Location     Type
                  1    wreg      void 
 Registers used:
		wreg, status,2, status,0, prodl, prodh
 Tracked objects:
		On entry : 
		On exit  : 
		Unchanged: 
 Data sizes:     COMRAM   BANK0   BANK1   BANK2   BANK3   BANK4   BANK5
      Params:         0       0       0       0       0       0       0
      Locals:         2       0       0       0       0       0       0
      Temps:          2       0       0       0       0       0       0
      Totals:         4       0       0       0       0       0       0
Total ram usage:        4 bytes
 Hardware stack levels used:    1
 Hardware stack levels required when called:    2
 This function calls:
		Nothing
 This function is called by:
		_main
 This function uses a non-reentrant model


 *************** function _low_isr *****************
 Defined at:
		line 98 in file "main.c"
 Parameters:    Size  Location     Type
		None
 Auto vars:     Size  Location     Type
		None
 Return value:  Size  Location     Type
                  1    wreg      void 
 Registers used:
		None
 Tracked objects:
		On entry : 
		On exit  : 
		Unchanged: 
 Data sizes:     COMRAM   BANK0   BANK1   BANK2   BANK3   BANK4   BANK5
      Params:         0       0       0       0       0       0       0
      Locals:         0       0       0       0       0       0       0
      Temps:         17       0       0       0       0       0       0
      Totals:        17       0       0       0       0       0       0
Total ram usage:       17 bytes
 Hardware stack levels used:    1
 Hardware stack levels required when called:    1
 This function calls:
		Nothing
 This function is called by:
		Interrupt level 1
 This function uses a non-reentrant model


 *************** function _high_isr *****************
 Defined at:
		line 89 in file "main.c"
 Parameters:    Size  Location     Type
		None
 Auto vars:     Size  Location     Type
		None
 Return value:  Size  Location     Type
                  1    wreg      void 
 Registers used:
		None
 Tracked objects:
		On entry : 
		On exit  : 
		Unchanged: 
 Data sizes:     COMRAM   BANK0   BANK1   BANK2   BANK3   BANK4   BANK5
      Params:         0       0       0       0       0       0       0
      Locals:         0       0       0       0       0       0       0
      Temps:         14       0       0       0       0       0       0
      Totals:        14       0       0       0       0       0       0
Total ram usage:       14 bytes
 Hardware stack levels used:    1
 This function calls:
		Nothing
 This function is called by:
		Interrupt level 2
 This function uses a non-reentrant model



MODULE INFORMATION

Module		Function		Class		Link	Load	Size
C:\Program Files (x86)\Microchip\xc8\v1.41\sources\common\lwdiv.c
		___lwdiv       		CODE           	08D6	0000	83

C:\Program Files (x86)\Microchip\xc8\v1.41\sources\common\lwdiv.c estimated size: 83

C:\Program Files (x86)\Microchip\xc8\v1.41\sources\common\doprnt.c
		_sprintf       		CODE           	0632	0000	329

C:\Program Files (x86)\Microchip\xc8\v1.41\sources\common\doprnt.c estimated size: 329

shared
		_dpowers       		SMALLCONST     	0601	0000	11
		__initialization		CODE           	0A18	0000	25

shared estimated size: 36

C:\Program Files (x86)\Microchip\xc8\v1.41\sources\common\lwmod.c
		___lwmod       		CODE           	0928	0000	67

C:\Program Files (x86)\Microchip\xc8\v1.41\sources\common\lwmod.c estimated size: 67

uart_layer.c
		_uart_init     		CODE           	09E2	0000	55
		_uart_send     		CODE           	0A3E	0000	17
		_uart_send_string		CODE           	09AC	0000	55

uart_layer.c estimated size: 127

main.c
		_main          		CODE           	077A	0000	223
		_high_isr      		CODE           	0008	0000	133
		_running_leds  		CODE           	096A	0000	67
		_low_isr       		CODE           	0018	0000	151

main.c estimated size: 574

